// Jest Snapshot v1, https://goo.gl/fbAQLP

exports[`Footer matches snapshot 1`] = `
<DocumentFragment>
  <footer
    class="footer"
  >
    <div>
      <span>
        Made with 
        <img
          alt="heart"
          src="heart.svg"
        />
         by  
        <a
          href="https://github.com/szmazhr"
          rel="noreferrer"
          target="_blank"
        >
          Shahzar Mazhar
        </a>
      </span>
    </div>
    <div
      class="repo_link"
    >
      <a
        href="https://github.com/szmazhr/shopping-cart"
        rel="noreferrer"
        target="_blank"
      >
        <img
          alt="github"
          src="github.svg"
          width="30"
        />
      </a>
    </div>
  </footer>
</DocumentFragment>
`;
